c:\users\user\documents\github\play-ground\playground\debug\playground.pch
c:\users\user\documents\github\play-ground\playground\debug\vc142.pdb
c:\users\user\documents\github\play-ground\playground\debug\vc142.idb
c:\users\user\documents\github\play-ground\playground\debug\pch.obj
c:\users\user\documents\github\play-ground\playground\debug\unit.obj
c:\users\user\documents\github\play-ground\playground\debug\player.obj
c:\users\user\documents\github\play-ground\playground\debug\playground.obj
c:\users\user\documents\github\play-ground\playground\debug\renderchain.obj
c:\users\user\documents\github\play-ground\playground\debug\inputmanager.obj
c:\users\user\documents\github\play-ground\playground\debug\gameobject.obj
c:\users\user\documents\github\play-ground\playground\debug\entrypoint.obj
c:\users\user\documents\github\play-ground\playground\debug\transform.obj
c:\users\user\documents\github\play-ground\playground\debug\component.obj
c:\users\user\documents\github\play-ground\playground\$_bin\playground.exe
c:\users\user\documents\github\play-ground\playground\debug\playground.ilk
c:\users\user\documents\github\play-ground\playground\$_bin\playground.pdb
c:\users\user\documents\github\play-ground\playground\debug\playground.res
c:\users\user\documents\github\play-ground\playground\debug\playground.tlog\cl.command.1.tlog
c:\users\user\documents\github\play-ground\playground\debug\playground.tlog\cl.read.1.tlog
c:\users\user\documents\github\play-ground\playground\debug\playground.tlog\cl.write.1.tlog
c:\users\user\documents\github\play-ground\playground\debug\playground.tlog\link.command.1.tlog
c:\users\user\documents\github\play-ground\playground\debug\playground.tlog\link.read.1.tlog
c:\users\user\documents\github\play-ground\playground\debug\playground.tlog\link.write.1.tlog
c:\users\user\documents\github\play-ground\playground\debug\playground.tlog\rc.command.1.tlog
c:\users\user\documents\github\play-ground\playground\debug\playground.tlog\rc.read.1.tlog
c:\users\user\documents\github\play-ground\playground\debug\playground.tlog\rc.write.1.tlog
