  Component.cpp
  Transform.cpp
  EntryPoint.cpp
  GameObject.cpp
  KeyManager.cpp
  PlayGround.cpp
C:\Users\user\Documents\GitHub\play-ground\PlayGround\PlayGround\Objects\PlayGround.cpp(38,54): warning C4838: '_uint'에서 'LONG'(으)로의 변환에는 축소 변환이 필요합니다.
C:\Users\user\Documents\GitHub\play-ground\PlayGround\PlayGround\Objects\PlayGround.cpp(38,84): warning C4838: '_uint'에서 'LONG'(으)로의 변환에는 축소 변환이 필요합니다.
  Player.cpp
C:\Users\user\Documents\GitHub\play-ground\PlayGround\PlayGround\Objects\Units\Player.cpp(42,9): warning C4838: '_float'에서 'LONG'(으)로의 변환에는 축소 변환이 필요합니다.
C:\Users\user\Documents\GitHub\play-ground\PlayGround\PlayGround\Objects\Units\Player.cpp(42,9): warning C4244: '초기화 중': '_float'에서 'LONG'(으)로 변환하면서 데이터가 손실될 수 있습니다.
C:\Users\user\Documents\GitHub\play-ground\PlayGround\PlayGround\Objects\Units\Player.cpp(43,9): warning C4838: '_float'에서 'LONG'(으)로의 변환에는 축소 변환이 필요합니다.
C:\Users\user\Documents\GitHub\play-ground\PlayGround\PlayGround\Objects\Units\Player.cpp(43,9): warning C4244: '초기화 중': '_float'에서 'LONG'(으)로 변환하면서 데이터가 손실될 수 있습니다.
C:\Users\user\Documents\GitHub\play-ground\PlayGround\PlayGround\Objects\Units\Player.cpp(44,9): warning C4838: '_float'에서 'LONG'(으)로의 변환에는 축소 변환이 필요합니다.
C:\Users\user\Documents\GitHub\play-ground\PlayGround\PlayGround\Objects\Units\Player.cpp(44,9): warning C4244: '초기화 중': '_float'에서 'LONG'(으)로 변환하면서 데이터가 손실될 수 있습니다.
C:\Users\user\Documents\GitHub\play-ground\PlayGround\PlayGround\Objects\Units\Player.cpp(45,9): warning C4838: '_float'에서 'LONG'(으)로의 변환에는 축소 변환이 필요합니다.
C:\Users\user\Documents\GitHub\play-ground\PlayGround\PlayGround\Objects\Units\Player.cpp(45,9): warning C4244: '초기화 중': '_float'에서 'LONG'(으)로 변환하면서 데이터가 손실될 수 있습니다.
  Unit.cpp
  코드를 생성하고 있습니다...
C:\Users\user\Documents\GitHub\play-ground\PlayGround\PlayGround\Objects\Units\Player.cpp(118): warning C4715: 'Player::_ControllRoutine': 모든 제어 경로에서 값을 반환하지는 않습니다.
  PlayGround.vcxproj -> C:\Users\user\Documents\GitHub\play-ground\PlayGround\Debug\PlayGround.exe
